[2023-12-15 20:54:07,132 - INFO - run_with_reloader] --> Watching for file changes with StatReloader
[2023-12-15 20:54:10,731 - WARNING - log_response] --> Not Found: /favicon.ico
[2023-12-15 20:54:59,692 - INFO - run_case] --> 测试数据处理中...
[2023-12-15 20:54:59,716 - INFO - send_yaml_file] --> 查询数据表，并生成yaml测试用例文件中...
[2023-12-15 20:55:00,286 - INFO - send_yaml_file] --> 生成测试用例文件：test_web医院端V1.3.0.0_百度搜索功能5.yaml完成...
[2023-12-15 20:55:00,286 - INFO - run_case] --> 生成测试调用命令完成...
[2023-12-15 20:55:01,356 - INFO - run_case] --> 激活虚拟环境成功，并调用selenium插件开始测试...
[2023-12-15 20:57:32,156 - INFO - run_case] --> 测试完成，开始保存测试报告...
[2023-12-15 20:57:32,161 - INFO - run_case] --> 测试完成，保存测试报告成功...
[2023-12-15 20:57:32,166 - INFO - run_case] --> 本次测试完成...
[2023-12-15 20:59:19,012 - INFO - save_model] --> 保存测试用例数据中...
[2023-12-15 20:59:19,021 - INFO - save_model] --> 保存测试用例数据完成...
[2023-12-15 20:59:19,028 - INFO - save_formset] --> 保存数据测试用例数据完成...
[2023-12-15 20:59:19,052 - INFO - save_formset] --> 保存数据测试用例数据完成...
[2023-12-15 20:59:19,060 - INFO - save_formset] --> 保存数据测试用例数据完成...
[2023-12-15 20:59:19,069 - INFO - save_formset] --> 保存数据测试用例数据完成...
[2023-12-15 20:59:19,069 - INFO - save_formset] --> 保存数据测试用例数据完成...
[2023-12-15 20:59:40,961 - INFO - save_model] --> 保存测试用例数据中...
[2023-12-15 20:59:40,968 - INFO - save_model] --> 保存测试用例数据完成...
[2023-12-15 20:59:40,985 - INFO - save_formset] --> 保存数据测试用例数据完成...
[2023-12-15 20:59:41,002 - INFO - save_formset] --> 保存数据测试用例数据完成...
[2023-12-15 20:59:41,019 - INFO - save_formset] --> 保存数据测试用例数据完成...
[2023-12-15 20:59:41,040 - INFO - save_formset] --> 保存数据测试用例数据完成...
[2023-12-15 20:59:41,067 - INFO - save_formset] --> 保存数据测试用例数据完成...
[2023-12-15 20:59:41,067 - INFO - save_formset] --> 保存数据测试用例数据完成...
[2023-12-15 20:59:50,741 - INFO - save_model] --> 保存测试用例数据中...
[2023-12-15 20:59:50,769 - INFO - save_model] --> 保存测试用例数据完成...
[2023-12-15 20:59:50,802 - INFO - save_formset] --> 保存数据测试用例数据完成...
[2023-12-15 20:59:50,873 - INFO - save_formset] --> 保存数据测试用例数据完成...
[2023-12-15 20:59:50,907 - INFO - save_formset] --> 保存数据测试用例数据完成...
[2023-12-15 20:59:50,923 - INFO - save_formset] --> 保存数据测试用例数据完成...
[2023-12-15 20:59:50,935 - INFO - save_formset] --> 保存数据测试用例数据完成...
[2023-12-15 20:59:50,937 - INFO - save_formset] --> 保存数据测试用例数据完成...
[2023-12-15 20:59:56,880 - INFO - run_case] --> 测试数据处理中...
[2023-12-15 20:59:56,903 - INFO - send_yaml_file] --> 查询数据表，并生成yaml测试用例文件中...
[2023-12-15 20:59:57,008 - INFO - send_yaml_file] --> 生成测试用例文件：test_web医院端V1.3.0.0_百度搜索功能5.yaml完成...
[2023-12-15 20:59:57,011 - INFO - run_case] --> 生成测试调用命令完成...
[2023-12-15 20:59:58,097 - INFO - run_case] --> 激活虚拟环境成功，并调用selenium插件开始测试...
[2023-12-15 21:02:09,301 - INFO - run_case] --> 测试完成，开始保存测试报告...
[2023-12-15 21:02:09,338 - INFO - run_case] --> 测试完成，保存测试报告成功...
[2023-12-15 21:02:09,338 - INFO - run_case] --> 本次测试完成...
[2023-12-15 21:04:25,639 - INFO - save_model] --> 保存测试用例数据中...
[2023-12-15 21:04:25,643 - INFO - save_model] --> 保存测试用例数据完成...
[2023-12-15 21:04:25,650 - INFO - save_formset] --> 保存数据：验证上下文参数定义中参数名的正确性...
[2023-12-15 21:04:25,667 - INFO - save_formset] --> 保存数据测试用例数据完成...
[2023-12-15 21:04:25,711 - INFO - save_formset] --> 保存数据：验证测试步骤数据的正确性...
[2023-12-15 21:04:25,714 - INFO - is_webCase_data_valid] --> 测试用例数据验证中...
[2023-12-15 21:04:25,754 - INFO - save_formset] --> 保存数据测试用例数据完成...
[2023-12-15 21:04:25,755 - INFO - save_formset] --> 保存数据：验证数据驱动数据项中参数名的正确性...
[2023-12-15 21:04:26,718 - ERROR - log_response] --> Internal Server Error: /admin/WebUiAtuoTest/webcase/53/change/
Traceback (most recent call last):
  File "D:\test-programs\pythonSpace\django_simpleUi\venv\lib\site-packages\django\core\handlers\exception.py", line 47, in inner
    response = get_response(request)
  File "D:\test-programs\pythonSpace\django_simpleUi\venv\lib\site-packages\django\core\handlers\base.py", line 181, in _get_response
    response = wrapped_callback(request, *callback_args, **callback_kwargs)
  File "D:\test-programs\pythonSpace\django_simpleUi\venv\lib\site-packages\django\contrib\admin\options.py", line 616, in wrapper
    return self.admin_site.admin_view(view)(*args, **kwargs)
  File "D:\test-programs\pythonSpace\django_simpleUi\venv\lib\site-packages\django\utils\decorators.py", line 130, in _wrapped_view
    response = view_func(request, *args, **kwargs)
  File "D:\test-programs\pythonSpace\django_simpleUi\venv\lib\site-packages\django\views\decorators\cache.py", line 44, in _wrapped_view_func
    response = view_func(request, *args, **kwargs)
  File "D:\test-programs\pythonSpace\django_simpleUi\venv\lib\site-packages\django\contrib\admin\sites.py", line 232, in inner
    return view(request, *args, **kwargs)
  File "D:\test-programs\pythonSpace\django_simpleUi\WebUiAtuoTest\admin.py", line 351, in change_view
    return super(WebCaseAdmin, self).change_view(request, object_id, extra_context=extra_context)
  File "D:\test-programs\pythonSpace\django_simpleUi\venv\lib\site-packages\django\contrib\admin\options.py", line 1660, in change_view
    return self.changeform_view(request, object_id, form_url, extra_context)
  File "D:\test-programs\pythonSpace\django_simpleUi\venv\lib\site-packages\django\utils\decorators.py", line 43, in _wrapper
    return bound_method(*args, **kwargs)
  File "D:\test-programs\pythonSpace\django_simpleUi\venv\lib\site-packages\django\utils\decorators.py", line 130, in _wrapped_view
    response = view_func(request, *args, **kwargs)
  File "D:\test-programs\pythonSpace\django_simpleUi\venv\lib\site-packages\django\contrib\admin\options.py", line 1540, in changeform_view
    return self._changeform_view(request, object_id, form_url, extra_context)
  File "D:\test-programs\pythonSpace\django_simpleUi\venv\lib\site-packages\django\contrib\admin\options.py", line 1587, in _changeform_view
    self.save_related(request, form, formsets, not add)
  File "D:\test-programs\pythonSpace\django_simpleUi\venv\lib\site-packages\django\contrib\admin\options.py", line 1127, in save_related
    self.save_formset(request, form, formset, change=change)
  File "D:\test-programs\pythonSpace\django_simpleUi\WebUiAtuoTest\admin.py", line 438, in save_formset
    self.data_valid(formset, 'argvName', '数据驱动数据项中参数名')
  File "D:\test-programs\pythonSpace\django_simpleUi\WebUiAtuoTest\admin.py", line 420, in data_valid
    stmp = '第' + str(i) + '行' + tip_txt + '[' + child_field_name_data + ']已存在，请重新输入哈！'
TypeError: can only concatenate str (not "NoneType") to str
[2023-12-15 21:06:11,706 - INFO - trigger_reload] --> D:\test-programs\pythonSpace\django_simpleUi\WebUiAtuoTest\admin.py changed, reloading.
[2023-12-15 21:06:17,574 - INFO - run_with_reloader] --> Watching for file changes with StatReloader
[2023-12-15 21:07:26,793 - INFO - save_model] --> 保存测试用例数据中...
[2023-12-15 21:07:26,809 - INFO - save_model] --> 保存测试用例数据完成...
[2023-12-15 21:07:26,809 - INFO - save_formset] --> 保存数据：验证上下文参数定义中参数名的正确性...
[2023-12-15 21:07:26,825 - INFO - save_formset] --> 保存数据测试用例数据完成...
[2023-12-15 21:07:26,825 - INFO - save_formset] --> 保存数据：验证测试步骤数据的正确性...
[2023-12-15 21:07:26,825 - INFO - is_webCase_data_valid] --> 测试用例数据验证中...
[2023-12-15 21:07:26,857 - INFO - save_formset] --> 保存数据测试用例数据完成...
[2023-12-15 21:07:26,857 - INFO - save_formset] --> 保存数据：验证数据驱动数据项中参数名的正确性...
[2023-12-15 21:07:26,857 - ERROR - data_valid] --> 第2行数据驱动数据项中参数名[None]已存在，请重新输入哈！
[2023-12-15 21:07:27,230 - ERROR - log_response] --> Internal Server Error: /admin/WebUiAtuoTest/webcase/34/change/
Traceback (most recent call last):
  File "D:\test-programs\pythonSpace\django_simpleUi\venv\lib\site-packages\django\core\handlers\exception.py", line 47, in inner
    response = get_response(request)
  File "D:\test-programs\pythonSpace\django_simpleUi\venv\lib\site-packages\django\core\handlers\base.py", line 181, in _get_response
    response = wrapped_callback(request, *callback_args, **callback_kwargs)
  File "D:\test-programs\pythonSpace\django_simpleUi\venv\lib\site-packages\django\contrib\admin\options.py", line 616, in wrapper
    return self.admin_site.admin_view(view)(*args, **kwargs)
  File "D:\test-programs\pythonSpace\django_simpleUi\venv\lib\site-packages\django\utils\decorators.py", line 130, in _wrapped_view
    response = view_func(request, *args, **kwargs)
  File "D:\test-programs\pythonSpace\django_simpleUi\venv\lib\site-packages\django\views\decorators\cache.py", line 44, in _wrapped_view_func
    response = view_func(request, *args, **kwargs)
  File "D:\test-programs\pythonSpace\django_simpleUi\venv\lib\site-packages\django\contrib\admin\sites.py", line 232, in inner
    return view(request, *args, **kwargs)
  File "D:\test-programs\pythonSpace\django_simpleUi\WebUiAtuoTest\admin.py", line 351, in change_view
    return super(WebCaseAdmin, self).change_view(request, object_id, extra_context=extra_context)
  File "D:\test-programs\pythonSpace\django_simpleUi\venv\lib\site-packages\django\contrib\admin\options.py", line 1660, in change_view
    return self.changeform_view(request, object_id, form_url, extra_context)
  File "D:\test-programs\pythonSpace\django_simpleUi\venv\lib\site-packages\django\utils\decorators.py", line 43, in _wrapper
    return bound_method(*args, **kwargs)
  File "D:\test-programs\pythonSpace\django_simpleUi\venv\lib\site-packages\django\utils\decorators.py", line 130, in _wrapped_view
    response = view_func(request, *args, **kwargs)
  File "D:\test-programs\pythonSpace\django_simpleUi\venv\lib\site-packages\django\contrib\admin\options.py", line 1540, in changeform_view
    return self._changeform_view(request, object_id, form_url, extra_context)
  File "D:\test-programs\pythonSpace\django_simpleUi\venv\lib\site-packages\django\contrib\admin\options.py", line 1587, in _changeform_view
    self.save_related(request, form, formsets, not add)
  File "D:\test-programs\pythonSpace\django_simpleUi\venv\lib\site-packages\django\contrib\admin\options.py", line 1127, in save_related
    self.save_formset(request, form, formset, change=change)
  File "D:\test-programs\pythonSpace\django_simpleUi\WebUiAtuoTest\admin.py", line 438, in save_formset
    self.data_valid(formset, 'argvName', '数据驱动数据项中参数名')
  File "D:\test-programs\pythonSpace\django_simpleUi\WebUiAtuoTest\admin.py", line 422, in data_valid
    raise ValidationError(stmp)
django.core.exceptions.ValidationError: ['第2行数据驱动数据项中参数名[None]已存在，请重新输入哈！']
[2023-12-15 21:08:46,824 - INFO - trigger_reload] --> D:\test-programs\pythonSpace\django_simpleUi\WebUiAtuoTest\admin.py changed, reloading.
[2023-12-15 21:08:49,813 - INFO - run_with_reloader] --> Watching for file changes with StatReloader
[2023-12-15 21:08:57,928 - INFO - save_model] --> 保存测试用例数据中...
[2023-12-15 21:08:57,936 - INFO - save_model] --> 保存测试用例数据完成...
[2023-12-15 21:08:57,936 - INFO - save_formset] --> 保存数据：验证上下文参数定义中参数名的正确性...
[2023-12-15 21:08:57,952 - INFO - save_formset] --> 保存数据测试用例数据完成...
[2023-12-15 21:08:57,952 - INFO - save_formset] --> 保存数据：验证测试步骤数据的正确性...
[2023-12-15 21:08:57,952 - INFO - is_webCase_data_valid] --> 测试用例数据验证中...
[2023-12-15 21:08:57,999 - INFO - save_formset] --> 保存数据测试用例数据完成...
[2023-12-15 21:08:58,002 - INFO - save_formset] --> 保存数据：验证数据驱动数据项中参数名的正确性...
[2023-12-15 21:08:58,012 - INFO - save_formset] --> 保存数据测试用例数据完成...
[2023-12-15 21:08:58,016 - INFO - save_formset] --> 保存数据测试用例数据完成...
[2023-12-15 21:08:58,016 - INFO - save_formset] --> 保存数据测试用例数据完成...
[2023-12-15 21:11:47,941 - INFO - save_model] --> 保存测试用例数据中...
[2023-12-15 21:11:47,949 - INFO - save_model] --> 保存测试用例数据完成...
[2023-12-15 21:11:47,950 - INFO - save_formset] --> 保存数据：验证上下文参数定义中参数名的正确性...
[2023-12-15 21:11:47,960 - INFO - save_formset] --> 保存数据测试用例数据完成...
[2023-12-15 21:11:47,960 - INFO - save_formset] --> 保存数据：验证测试步骤数据的正确性...
[2023-12-15 21:11:47,960 - INFO - is_webCase_data_valid] --> 测试用例数据验证中...
[2023-12-15 21:11:47,985 - INFO - save_formset] --> 保存数据测试用例数据完成...
[2023-12-15 21:11:47,986 - INFO - save_formset] --> 保存数据：验证数据驱动数据项中参数名的正确性...
[2023-12-15 21:11:47,995 - INFO - save_formset] --> 保存数据测试用例数据完成...
[2023-12-15 21:11:48,008 - INFO - save_formset] --> 保存数据测试用例数据完成...
[2023-12-15 21:11:48,017 - INFO - save_formset] --> 保存数据测试用例数据完成...
[2023-12-15 21:11:48,018 - INFO - save_formset] --> 保存数据测试用例数据完成...
[2023-12-15 21:12:35,097 - INFO - save_model] --> 保存测试用例数据中...
[2023-12-15 21:12:35,113 - INFO - save_model] --> 保存测试用例数据完成...
[2023-12-15 21:12:35,123 - INFO - save_formset] --> 保存数据测试用例数据完成...
[2023-12-15 21:12:35,189 - INFO - save_formset] --> 保存数据测试用例数据完成...
[2023-12-15 21:12:35,205 - INFO - save_formset] --> 保存数据测试用例数据完成...
[2023-12-15 21:12:35,217 - INFO - save_formset] --> 保存数据测试用例数据完成...
[2023-12-15 21:12:35,217 - INFO - save_formset] --> 保存数据测试用例数据完成...
[2023-12-15 21:12:55,820 - INFO - save_model] --> 保存测试用例数据中...
[2023-12-15 21:12:55,835 - INFO - save_model] --> 保存测试用例数据完成...
[2023-12-15 21:12:55,856 - INFO - save_formset] --> 保存数据测试用例数据完成...
[2023-12-15 21:12:55,893 - INFO - save_formset] --> 保存数据测试用例数据完成...
[2023-12-15 21:12:55,897 - INFO - save_formset] --> 保存数据测试用例数据完成...
[2023-12-15 21:12:55,899 - INFO - save_formset] --> 保存数据测试用例数据完成...
[2023-12-15 21:13:11,833 - INFO - save_model] --> 保存测试用例数据中...
[2023-12-15 21:13:11,849 - INFO - save_model] --> 保存测试用例数据完成...
[2023-12-15 21:13:11,856 - INFO - save_formset] --> 保存数据测试用例数据完成...
[2023-12-15 21:13:11,887 - INFO - save_formset] --> 保存数据测试用例数据完成...
[2023-12-15 21:13:11,894 - INFO - save_formset] --> 保存数据测试用例数据完成...
[2023-12-15 21:13:11,900 - INFO - save_formset] --> 保存数据测试用例数据完成...
[2023-12-15 21:13:11,904 - INFO - save_formset] --> 保存数据测试用例数据完成...
[2023-12-15 21:13:21,685 - INFO - run_case] --> 测试数据处理中...
[2023-12-15 21:13:21,713 - INFO - send_yaml_file] --> 查询数据表，并生成yaml测试用例文件中...
[2023-12-15 21:13:21,854 - INFO - send_yaml_file] --> 生成测试用例文件：test_web医院端V1.3.0.0_百度搜索功能--大学.yaml完成...
[2023-12-15 21:13:21,854 - INFO - run_case] --> 生成测试调用命令完成...
[2023-12-15 21:13:22,920 - INFO - run_case] --> 激活虚拟环境成功，并调用selenium插件开始测试...
[2023-12-15 21:14:40,110 - INFO - run_case] --> 测试完成，开始保存测试报告...
[2023-12-15 21:14:40,139 - INFO - run_case] --> 测试完成，保存测试报告成功...
[2023-12-15 21:14:40,139 - INFO - run_case] --> 本次测试完成...
[2023-12-15 21:14:58,797 - INFO - save_model] --> 保存测试用例数据中...
[2023-12-15 21:14:58,802 - INFO - save_model] --> 保存测试用例数据完成...
[2023-12-15 21:14:58,802 - INFO - save_formset] --> 保存数据：验证上下文参数定义中参数名的正确性...
[2023-12-15 21:14:58,814 - INFO - save_formset] --> 保存数据测试用例数据完成...
[2023-12-15 21:14:58,840 - INFO - save_formset] --> 保存数据测试用例数据完成...
[2023-12-15 21:14:58,840 - INFO - save_formset] --> 保存数据测试用例数据完成...
[2023-12-15 21:14:58,840 - INFO - save_formset] --> 保存数据测试用例数据完成...
[2023-12-15 21:15:04,451 - INFO - run_case] --> 测试数据处理中...
[2023-12-15 21:15:04,465 - INFO - send_yaml_file] --> 查询数据表，并生成yaml测试用例文件中...
[2023-12-15 21:15:04,533 - INFO - send_yaml_file] --> 生成测试用例文件：test_web医院端V1.3.0.0_百度搜索功能--成都.yaml完成...
[2023-12-15 21:15:04,536 - INFO - run_case] --> 生成测试调用命令完成...
[2023-12-15 21:15:05,291 - INFO - run_case] --> 激活虚拟环境成功，并调用selenium插件开始测试...
[2023-12-15 21:16:00,200 - INFO - run_case] --> 测试完成，开始保存测试报告...
[2023-12-15 21:16:00,201 - INFO - run_case] --> 测试完成，保存测试报告成功...
[2023-12-15 21:16:00,201 - INFO - run_case] --> 本次测试完成...
[2023-12-15 21:16:10,745 - INFO - save_model] --> 保存测试用例数据中...
[2023-12-15 21:16:10,751 - INFO - save_model] --> 保存测试用例数据完成...
[2023-12-15 21:16:10,751 - INFO - save_formset] --> 保存数据：验证上下文参数定义中参数名的正确性...
[2023-12-15 21:16:10,768 - INFO - save_formset] --> 保存数据测试用例数据完成...
[2023-12-15 21:16:10,785 - INFO - save_formset] --> 保存数据测试用例数据完成...
[2023-12-15 21:16:10,792 - INFO - save_formset] --> 保存数据测试用例数据完成...
[2023-12-15 21:16:10,793 - INFO - save_formset] --> 保存数据测试用例数据完成...
[2023-12-15 21:16:16,187 - INFO - run_case] --> 测试数据处理中...
[2023-12-15 21:16:16,200 - INFO - send_yaml_file] --> 查询数据表，并生成yaml测试用例文件中...
[2023-12-15 21:16:16,232 - INFO - send_yaml_file] --> 生成测试用例文件：test_web医院端V1.3.0.0_百度搜索功能--成都.yaml完成...
[2023-12-15 21:16:16,240 - INFO - run_case] --> 生成测试调用命令完成...
[2023-12-15 21:16:16,879 - INFO - run_case] --> 激活虚拟环境成功，并调用selenium插件开始测试...
[2023-12-15 21:17:12,697 - INFO - run_case] --> 测试完成，开始保存测试报告...
[2023-12-15 21:17:12,701 - INFO - run_case] --> 测试完成，保存测试报告成功...
[2023-12-15 21:17:12,701 - INFO - run_case] --> 本次测试完成...
[2023-12-15 21:18:15,696 - INFO - save_model] --> 保存测试用例数据中...
[2023-12-15 21:18:15,704 - INFO - save_model] --> 保存测试用例数据完成...
[2023-12-15 21:18:15,728 - INFO - save_formset] --> 保存数据测试用例数据完成...
[2023-12-15 21:18:15,728 - INFO - save_formset] --> 保存数据：验证测试步骤数据的正确性...
[2023-12-15 21:18:15,728 - INFO - is_webCase_data_valid] --> 测试用例数据验证中...
[2023-12-15 21:18:15,802 - INFO - save_formset] --> 保存数据测试用例数据完成...
[2023-12-15 21:18:15,802 - INFO - save_formset] --> 保存数据测试用例数据完成...
[2023-12-15 21:18:15,802 - INFO - save_formset] --> 保存数据测试用例数据完成...
[2023-12-15 21:18:21,009 - INFO - run_case] --> 测试数据处理中...
[2023-12-15 21:18:21,041 - INFO - send_yaml_file] --> 查询数据表，并生成yaml测试用例文件中...
[2023-12-15 21:18:21,092 - INFO - send_yaml_file] --> 生成测试用例文件：test_web医院端V1.3.0.0_百度搜索功能--成都.yaml完成...
[2023-12-15 21:18:21,092 - INFO - run_case] --> 生成测试调用命令完成...
[2023-12-15 21:18:21,808 - INFO - run_case] --> 激活虚拟环境成功，并调用selenium插件开始测试...
[2023-12-15 21:18:51,934 - INFO - run_case] --> 测试完成，开始保存测试报告...
[2023-12-15 21:18:51,936 - INFO - run_case] --> 测试完成，保存测试报告成功...
[2023-12-15 21:18:51,936 - INFO - run_case] --> 本次测试完成...
[2023-12-15 22:02:34,001 - INFO - run_case] --> 测试数据处理中...
[2023-12-15 22:02:34,030 - INFO - send_yaml_file] --> 查询数据表，并生成yaml测试用例文件中...
[2023-12-15 22:02:34,065 - INFO - send_yaml_file] --> 生成测试用例文件：test_web医院端V1.3.0.0_百度搜索功能--成都.yaml完成...
[2023-12-15 22:02:34,066 - INFO - run_case] --> 生成测试调用命令完成...
[2023-12-15 22:02:34,562 - INFO - run_case] --> 激活虚拟环境成功，并调用selenium插件开始测试...
[2023-12-15 22:03:09,906 - INFO - run_case] --> 测试完成，开始保存测试报告...
[2023-12-15 22:03:09,914 - INFO - run_case] --> 测试完成，保存测试报告成功...
[2023-12-15 22:03:09,916 - INFO - run_case] --> 本次测试完成...
[2023-12-15 22:06:31,430 - INFO - run_case] --> 测试数据处理中...
[2023-12-15 22:06:31,441 - INFO - send_yaml_file] --> 查询数据表，并生成yaml测试用例文件中...
[2023-12-15 22:06:31,465 - INFO - send_yaml_file] --> 生成测试用例文件：test_web医院端V1.3.0.0_百度搜索功能--成都.yaml完成...
[2023-12-15 22:06:31,468 - INFO - run_case] --> 生成测试调用命令完成...
[2023-12-15 22:06:31,794 - INFO - run_case] --> 激活虚拟环境成功，并调用selenium插件开始测试...
[2023-12-15 22:07:28,179 - INFO - run_case] --> 测试完成，开始保存测试报告...
[2023-12-15 22:07:28,184 - INFO - run_case] --> 测试完成，保存测试报告成功...
[2023-12-15 22:07:28,184 - INFO - run_case] --> 本次测试完成...
[2023-12-15 22:12:11,219 - INFO - run_with_reloader] --> Watching for file changes with StatReloader
[2023-12-15 22:12:20,579 - ERROR - log_response] --> Internal Server Error: /admin/WebUiAtuoTest/webcase/
Traceback (most recent call last):
  File "D:\test-programs\pythonSpace\django_simpleUi\venv\lib\site-packages\django\template\base.py", line 470, in parse
    compile_func = self.tags[command]
KeyError: 'static'

During handling of the above exception, another exception occurred:

Traceback (most recent call last):
  File "D:\test-programs\pythonSpace\django_simpleUi\venv\lib\site-packages\django\core\handlers\exception.py", line 47, in inner
    response = get_response(request)
  File "D:\test-programs\pythonSpace\django_simpleUi\venv\lib\site-packages\django\core\handlers\base.py", line 204, in _get_response
    response = response.render()
  File "D:\test-programs\pythonSpace\django_simpleUi\venv\lib\site-packages\django\template\response.py", line 105, in render
    self.content = self.rendered_content
  File "D:\test-programs\pythonSpace\django_simpleUi\venv\lib\site-packages\django\template\response.py", line 83, in rendered_content
    return template.render(context, self._request)
  File "D:\test-programs\pythonSpace\django_simpleUi\venv\lib\site-packages\django\template\backends\django.py", line 61, in render
    return self.template.render(context)
  File "D:\test-programs\pythonSpace\django_simpleUi\venv\lib\site-packages\django\template\base.py", line 170, in render
    return self._render(context)
  File "D:\test-programs\pythonSpace\django_simpleUi\venv\lib\site-packages\django\template\base.py", line 162, in _render
    return self.nodelist.render(context)
  File "D:\test-programs\pythonSpace\django_simpleUi\venv\lib\site-packages\django\template\base.py", line 938, in render
    bit = node.render_annotated(context)
  File "D:\test-programs\pythonSpace\django_simpleUi\venv\lib\site-packages\django\template\base.py", line 905, in render_annotated
    return self.render(context)
  File "D:\test-programs\pythonSpace\django_simpleUi\venv\lib\site-packages\django\template\loader_tags.py", line 127, in render
    compiled_parent = self.get_parent(context)
  File "D:\test-programs\pythonSpace\django_simpleUi\venv\lib\site-packages\django\template\loader_tags.py", line 124, in get_parent
    return self.find_template(parent, context)
  File "D:\test-programs\pythonSpace\django_simpleUi\venv\lib\site-packages\django\template\loader_tags.py", line 104, in find_template
    template_name, skip=history,
  File "D:\test-programs\pythonSpace\django_simpleUi\venv\lib\site-packages\django\template\engine.py", line 125, in find_template
    template = loader.get_template(name, skip=skip)
  File "D:\test-programs\pythonSpace\django_simpleUi\venv\lib\site-packages\django\template\loaders\base.py", line 30, in get_template
    contents, origin, origin.template_name, self.engine,
  File "D:\test-programs\pythonSpace\django_simpleUi\venv\lib\site-packages\django\template\base.py", line 155, in __init__
    self.nodelist = self.compile_nodelist()
  File "D:\test-programs\pythonSpace\django_simpleUi\venv\lib\site-packages\django\template\base.py", line 193, in compile_nodelist
    return parser.parse()
  File "D:\test-programs\pythonSpace\django_simpleUi\venv\lib\site-packages\django\template\base.py", line 478, in parse
    raise self.error(token, e)
  File "D:\test-programs\pythonSpace\django_simpleUi\venv\lib\site-packages\django\template\base.py", line 476, in parse
    compiled_result = compile_func(self, token)
  File "D:\test-programs\pythonSpace\django_simpleUi\venv\lib\site-packages\django\template\loader_tags.py", line 278, in do_extends
    nodelist = parser.parse()
  File "D:\test-programs\pythonSpace\django_simpleUi\venv\lib\site-packages\django\template\base.py", line 478, in parse
    raise self.error(token, e)
  File "D:\test-programs\pythonSpace\django_simpleUi\venv\lib\site-packages\django\template\base.py", line 476, in parse
    compiled_result = compile_func(self, token)
  File "D:\test-programs\pythonSpace\django_simpleUi\venv\lib\site-packages\django\template\loader_tags.py", line 216, in do_block
    nodelist = parser.parse(('endblock',))
  File "D:\test-programs\pythonSpace\django_simpleUi\venv\lib\site-packages\django\template\base.py", line 472, in parse
    self.invalid_block_tag(token, command, parse_until)
  File "D:\test-programs\pythonSpace\django_simpleUi\venv\lib\site-packages\django\template\base.py", line 528, in invalid_block_tag
    get_text_list(["'%s'" % p for p in parse_until], 'or'),
django.template.exceptions.TemplateSyntaxError: Invalid block tag on line 5: 'static', expected 'endblock'. Did you forget to register or load this tag?
